{
  "version": "1.5.0",
  "plugins_used": [
    {
      "name": "ArtifactoryDetector"
    },
    {
      "name": "AWSKeyDetector"
    },
    {
      "name": "AzureStorageKeyDetector"
    },
    {
      "name": "Base64HighEntropyString",
      "limit": 4.5
    },
    {
      "name": "BasicAuthDetector"
    },
    {
      "name": "CloudantDetector"
    },
    {
      "name": "DiscordBotTokenDetector"
    },
    {
      "name": "GitHubTokenDetector"
    },
    {
      "name": "GitLabTokenDetector"
    },
    {
      "name": "HexHighEntropyString",
      "limit": 3.0
    },
    {
      "name": "IbmCloudIamDetector"
    },
    {
      "name": "IbmCosHmacDetector"
    },
    {
      "name": "IPPublicDetector"
    },
    {
      "name": "JwtTokenDetector"
    },
    {
      "name": "KeywordDetector",
      "keyword_exclude": ""
    },
    {
      "name": "MailchimpDetector"
    },
    {
      "name": "NpmDetector"
    },
    {
      "name": "OpenAIDetector"
    },
    {
      "name": "PrivateKeyDetector"
    },
    {
      "name": "PypiTokenDetector"
    },
    {
      "name": "SendGridDetector"
    },
    {
      "name": "SlackDetector"
    },
    {
      "name": "SoftlayerDetector"
    },
    {
      "name": "SquareOAuthDetector"
    },
    {
      "name": "StripeDetector"
    },
    {
      "name": "TelegramBotTokenDetector"
    },
    {
      "name": "TwilioKeyDetector"
    }
  ],
  "filters_used": [
    {
      "path": "detect_secrets.filters.common.is_baseline_file",
      "filename": ".secrets.baseline"
    },
    {
      "path": "detect_secrets.filters.heuristic.is_indirect_reference"
    },
    {
      "path": "detect_secrets.filters.heuristic.is_likely_id_string"
    },
    {
      "path": "detect_secrets.filters.heuristic.is_lock_file"
    },
    {
      "path": "detect_secrets.filters.heuristic.is_not_alphanumeric_string"
    },
    {
      "path": "detect_secrets.filters.heuristic.is_potential_uuid"
    },
    {
      "path": "detect_secrets.filters.heuristic.is_prefixed_with_dollar_sign"
    },
    {
      "path": "detect_secrets.filters.heuristic.is_sequential_string"
    },
    {
      "path": "detect_secrets.filters.heuristic.is_swagger_file"
    },
    {
      "path": "detect_secrets.filters.heuristic.is_templated_secret"
    }
  ],
  "results": {
    ".beads/issues.jsonl": [
      {
        "type": "AWS Access Key",
        "filename": ".beads/issues.jsonl",
        "hashed_secret": "25910f981e85ca04baf359199dd0bd4a3ae738b6",
        "is_verified": false
      }
    ],
    "README.md": [
      {
        "type": "Secret Keyword",
        "filename": "README.md",
        "hashed_secret": "678c94a59e12badd7110cbf9ae6ae23b72a31d81",
        "is_verified": false
      },
      {
        "type": "Secret Keyword",
        "filename": "README.md",
        "hashed_secret": "d45dc5ca56624d5d238093b9182a474631b58510",
        "is_verified": false
      }
    ],
    "backend/dbas/restore_contracts.py": [
      {
        "type": "Secret Keyword",
        "filename": "backend/dbas/restore_contracts.py",
        "hashed_secret": "893a927f24870aba9706b6979ae3dd0deb3d8b69",
        "is_verified": false
      }
    ],
    "backend/routers/backup.py": [
      {
        "type": "Secret Keyword",
        "filename": "backend/routers/backup.py",
        "hashed_secret": "47dfc38c38998866bd2d4e07a16fa07cba11e09d",
        "is_verified": false
      },
      {
        "type": "Secret Keyword",
        "filename": "backend/routers/backup.py",
        "hashed_secret": "5c2f7bdae27e36043c810d608aa490bb3523777a",
        "is_verified": false
      },
      {
        "type": "Secret Keyword",
        "filename": "backend/routers/backup.py",
        "hashed_secret": "9ac5e5d693b1a4251d7df7932ffceff856d2b376",
        "is_verified": false
      },
      {
        "type": "Secret Keyword",
        "filename": "backend/routers/backup.py",
        "hashed_secret": "a1bcc89570cde2378994f90569883adc3d972374",
        "is_verified": false
      },
      {
        "type": "Secret Keyword",
        "filename": "backend/routers/backup.py",
        "hashed_secret": "ac37dc9d0a456de52bd8d55655eedf4f6ae2c750",
        "is_verified": false
      },
      {
        "type": "Secret Keyword",
        "filename": "backend/routers/backup.py",
        "hashed_secret": "ae36518c6789ca89a03c3b42e0c8a0fb5a90e547",
        "is_verified": false
      },
      {
        "type": "Secret Keyword",
        "filename": "backend/routers/backup.py",
        "hashed_secret": "b29a52ee5ca921ea628b2522419870c298c8d727",
        "is_verified": false
      }
    ],
    "backend/tests/dbas/test_channel_group_drift.py": [
      {
        "type": "Basic Auth Credentials",
        "filename": "backend/tests/dbas/test_channel_group_drift.py",
        "hashed_secret": "ee977806d7286510da8b9a7492ba58e2484c0ecc",
        "is_verified": false
      }
    ],
    "backend/tests/dbas/test_custom_stream_fallback.py": [
      {
        "type": "Hex High Entropy String",
        "filename": "backend/tests/dbas/test_custom_stream_fallback.py",
        "hashed_secret": "1fce4d578e74ee5e3184cb0fa11b9f92d75847a4",
        "is_verified": false
      }
    ],
    "backend/tests/dbas/test_epg_sources_importer.py": [
      {
        "type": "Secret Keyword",
        "filename": "backend/tests/dbas/test_epg_sources_importer.py",
        "hashed_secret": "81574136ef6ede6cb2dbd141bd611aa4435f3bfe",
        "is_verified": false
      },
      {
        "type": "Secret Keyword",
        "filename": "backend/tests/dbas/test_epg_sources_importer.py",
        "hashed_secret": "a1d289930298e2d868f6bbcec49c568009cd99a7",
        "is_verified": false
      }
    ],
    "backend/tests/dbas/test_m3u_accounts_importer.py": [
      {
        "type": "Secret Keyword",
        "filename": "backend/tests/dbas/test_m3u_accounts_importer.py",
        "hashed_secret": "a1d289930298e2d868f6bbcec49c568009cd99a7",
        "is_verified": false
      }
    ],
    "backend/tests/dbas/test_preflight.py": [
      {
        "type": "Secret Keyword",
        "filename": "backend/tests/dbas/test_preflight.py",
        "hashed_secret": "f3bbbd66a63d4bf1747940578ec3d0103530e21d",
        "is_verified": false
      }
    ],
    "backend/tests/dbas/test_restore_roundtrip.py": [
      {
        "type": "Secret Keyword",
        "filename": "backend/tests/dbas/test_restore_roundtrip.py",
        "hashed_secret": "f3bbbd66a63d4bf1747940578ec3d0103530e21d",
        "is_verified": false
      }
    ],
    "backend/tests/dbas/test_restore_state_loss.py": [
      {
        "type": "Secret Keyword",
        "filename": "backend/tests/dbas/test_restore_state_loss.py",
        "hashed_secret": "e6dbc31dd1db7a3197c7b3c5cef52af60e4936d3",
        "is_verified": false
      }
    ],
    "backend/tests/dbas/test_settings_agents_importer.py": [
      {
        "type": "Secret Keyword",
        "filename": "backend/tests/dbas/test_settings_agents_importer.py",
        "hashed_secret": "3667eec755bd431bf426727e690b6fc6d41a95da",
        "is_verified": false
      },
      {
        "type": "Secret Keyword",
        "filename": "backend/tests/dbas/test_settings_agents_importer.py",
        "hashed_secret": "3c3b274d119ff5a5ec6c1e215c1cb794d9973ac1",
        "is_verified": false
      },
      {
        "type": "Secret Keyword",
        "filename": "backend/tests/dbas/test_settings_agents_importer.py",
        "hashed_secret": "5d9e4c74da3f8ea2bded859e5e58e227cb2b26de",
        "is_verified": false
      },
      {
        "type": "Secret Keyword",
        "filename": "backend/tests/dbas/test_settings_agents_importer.py",
        "hashed_secret": "ca8b00dbafd9e9db305cd5c5aac7c3d6634930d6",
        "is_verified": false
      },
      {
        "type": "Secret Keyword",
        "filename": "backend/tests/dbas/test_settings_agents_importer.py",
        "hashed_secret": "dbef7f4922e4b8a7a949bcb90c9137f5b1f66a3d",
        "is_verified": false
      }
    ],
    "backend/tests/dbas/test_users_importer.py": [
      {
        "type": "AWS Access Key",
        "filename": "backend/tests/dbas/test_users_importer.py",
        "hashed_secret": "25910f981e85ca04baf359199dd0bd4a3ae738b6",
        "is_verified": false
      },
      {
        "type": "Secret Keyword",
        "filename": "backend/tests/dbas/test_users_importer.py",
        "hashed_secret": "25910f981e85ca04baf359199dd0bd4a3ae738b6",
        "is_verified": false
      },
      {
        "type": "Secret Keyword",
        "filename": "backend/tests/dbas/test_users_importer.py",
        "hashed_secret": "785a0e996d4c4100094f049d7c929e8ed571fe5f",
        "is_verified": false
      },
      {
        "type": "Secret Keyword",
        "filename": "backend/tests/dbas/test_users_importer.py",
        "hashed_secret": "a1865fd36dfdf91edbde840dc6039fa2fa575ed2",
        "is_verified": false
      },
      {
        "type": "Secret Keyword",
        "filename": "backend/tests/dbas/test_users_importer.py",
        "hashed_secret": "f3bbbd66a63d4bf1747940578ec3d0103530e21d",
        "is_verified": false
      },
      {
        "type": "Secret Keyword",
        "filename": "backend/tests/dbas/test_users_importer.py",
        "hashed_secret": "fb187792c27c8cdf4dfd8f1ae70cbc95c464a2f0",
        "is_verified": false
      }
    ],
    "backend/tests/e2e/conftest.py": [
      {
        "type": "Secret Keyword",
        "filename": "backend/tests/e2e/conftest.py",
        "hashed_secret": "a1caa4ae066a26d023130050f120fa4279bf9855",
        "is_verified": false
      }
    ],
    "backend/tests/fixtures/factories.py": [
      {
        "type": "Secret Keyword",
        "filename": "backend/tests/fixtures/factories.py",
        "hashed_secret": "9fb7fe1217aed442b04c0f5e43b5d5a7d3287097",
        "is_verified": false
      }
    ],
    "backend/tests/integration/test_api_auth.py": [
      {
        "type": "JSON Web Token",
        "filename": "backend/tests/integration/test_api_auth.py",
        "hashed_secret": "7af0b63b392e865ebeaf5810fad7cac13d6fb3a7",
        "is_verified": false
      },
      {
        "type": "Secret Keyword",
        "filename": "backend/tests/integration/test_api_auth.py",
        "hashed_secret": "a94a8fe5ccb19ba61c4c0873d391e987982fbbd3",
        "is_verified": false
      },
      {
        "type": "Secret Keyword",
        "filename": "backend/tests/integration/test_api_auth.py",
        "hashed_secret": "d8bba58683e577cdd462e2cd1207808e1b01b3cb",
        "is_verified": false
      },
      {
        "type": "Secret Keyword",
        "filename": "backend/tests/integration/test_api_auth.py",
        "hashed_secret": "d8ecf7db8fc9ec9c31bc5c9ae2929cc599c75f8d",
        "is_verified": false
      },
      {
        "type": "Secret Keyword",
        "filename": "backend/tests/integration/test_api_auth.py",
        "hashed_secret": "f6db7cd15318dc08ba07364547a31b169ee8f8f2",
        "is_verified": false
      },
      {
        "type": "Secret Keyword",
        "filename": "backend/tests/integration/test_api_auth.py",
        "hashed_secret": "f8377c90fcfd699f0ddbdcb30c2c9183d2d933ea",
        "is_verified": false
      }
    ],
    "backend/tests/integration/test_api_auth_dispatcharr.py": [
      {
        "type": "Secret Keyword",
        "filename": "backend/tests/integration/test_api_auth_dispatcharr.py",
        "hashed_secret": "4f16ddb19480fc21fdf4ad77b54c8a5322231308",
        "is_verified": false
      },
      {
        "type": "Secret Keyword",
        "filename": "backend/tests/integration/test_api_auth_dispatcharr.py",
        "hashed_secret": "5baa61e4c9b93f3f0682250b6cf8331b7ee68fd8",
        "is_verified": false
      },
      {
        "type": "Secret Keyword",
        "filename": "backend/tests/integration/test_api_auth_dispatcharr.py",
        "hashed_secret": "9d4e1e23bd5b727046a9e3b4b7db57bd8d6ee684",
        "is_verified": false
      },
      {
        "type": "Secret Keyword",
        "filename": "backend/tests/integration/test_api_auth_dispatcharr.py",
        "hashed_secret": "cbfdac6008f9cab4083784cbd1874f76618d2a97",
        "is_verified": false
      },
      {
        "type": "Secret Keyword",
        "filename": "backend/tests/integration/test_api_auth_dispatcharr.py",
        "hashed_secret": "d8bba58683e577cdd462e2cd1207808e1b01b3cb",
        "is_verified": false
      },
      {
        "type": "Secret Keyword",
        "filename": "backend/tests/integration/test_api_auth_dispatcharr.py",
        "hashed_secret": "d8ecf7db8fc9ec9c31bc5c9ae2929cc599c75f8d",
        "is_verified": false
      },
      {
        "type": "Secret Keyword",
        "filename": "backend/tests/integration/test_api_auth_dispatcharr.py",
        "hashed_secret": "fa55f2cf852be75fa8517f4ad777b4c49edd6c57",
        "is_verified": false
      }
    ],
    "backend/tests/integration/test_api_auth_setup.py": [
      {
        "type": "Secret Keyword",
        "filename": "backend/tests/integration/test_api_auth_setup.py",
        "hashed_secret": "1ded3053d0363079a4e681a3b700435d6d880290",
        "is_verified": false
      },
      {
        "type": "Secret Keyword",
        "filename": "backend/tests/integration/test_api_auth_setup.py",
        "hashed_secret": "49aaf3412b65a2765a83f15f86f034261be3c660",
        "is_verified": false
      },
      {
        "type": "Secret Keyword",
        "filename": "backend/tests/integration/test_api_auth_setup.py",
        "hashed_secret": "4bf7f8a21e2131afdd48b1c48bc7d8b450b44c13",
        "is_verified": false
      },
      {
        "type": "Secret Keyword",
        "filename": "backend/tests/integration/test_api_auth_setup.py",
        "hashed_secret": "552412ae6e1d393f5b4c3d8433f63067ee2df3b6",
        "is_verified": false
      },
      {
        "type": "Secret Keyword",
        "filename": "backend/tests/integration/test_api_auth_setup.py",
        "hashed_secret": "5c4f2778eafa38751fbd21fd4c1ef13ed9cfcff6",
        "is_verified": false
      },
      {
        "type": "Secret Keyword",
        "filename": "backend/tests/integration/test_api_auth_setup.py",
        "hashed_secret": "6a828b701812f2d7184242531058e8999467401d",
        "is_verified": false
      },
      {
        "type": "Secret Keyword",
        "filename": "backend/tests/integration/test_api_auth_setup.py",
        "hashed_secret": "72559b51f94a7a3ad058c5740cbe2f7cb0d4080b",
        "is_verified": false
      },
      {
        "type": "Secret Keyword",
        "filename": "backend/tests/integration/test_api_auth_setup.py",
        "hashed_secret": "8ae2ad11392b6bef22ac6ed6a9bd4b524761bdbd",
        "is_verified": false
      }
    ],
    "backend/tests/integration/test_api_settings.py": [
      {
        "type": "Secret Keyword",
        "filename": "backend/tests/integration/test_api_settings.py",
        "hashed_secret": "5baa61e4c9b93f3f0682250b6cf8331b7ee68fd8",
        "is_verified": false
      }
    ],
    "backend/tests/integration/test_api_stream_preview.py": [
      {
        "type": "Secret Keyword",
        "filename": "backend/tests/integration/test_api_stream_preview.py",
        "hashed_secret": "789cbe0407840b1c2041cb33452ff60f19bf58cc",
        "is_verified": false
      }
    ],
    "backend/tests/integration/test_api_user_management.py": [
      {
        "type": "Secret Keyword",
        "filename": "backend/tests/integration/test_api_user_management.py",
        "hashed_secret": "052da94a6343dacf76068ae52e8f60afef31507e",
        "is_verified": false
      },
      {
        "type": "Secret Keyword",
        "filename": "backend/tests/integration/test_api_user_management.py",
        "hashed_secret": "2635cfb26a9c6a74dde1701ea01dd842d1243178",
        "is_verified": false
      },
      {
        "type": "Secret Keyword",
        "filename": "backend/tests/integration/test_api_user_management.py",
        "hashed_secret": "449ed97bdef672c3aadc98dcdaa63fe9d357f8f1",
        "is_verified": false
      },
      {
        "type": "Secret Keyword",
        "filename": "backend/tests/integration/test_api_user_management.py",
        "hashed_secret": "638785eb95fb4e54da2784c17833a1b52c9bc810",
        "is_verified": false
      },
      {
        "type": "Secret Keyword",
        "filename": "backend/tests/integration/test_api_user_management.py",
        "hashed_secret": "f6769b35c0bcb0027ced651006ae9ef86188eda1",
        "is_verified": false
      },
      {
        "type": "Secret Keyword",
        "filename": "backend/tests/integration/test_api_user_management.py",
        "hashed_secret": "f9adc2a5795757efc547ecffe3e7b2736041e561",
        "is_verified": false
      },
      {
        "type": "Secret Keyword",
        "filename": "backend/tests/integration/test_api_user_management.py",
        "hashed_secret": "fed40ac2c7259212c196fc9cc5ddc354ea417a3f",
        "is_verified": false
      }
    ],
    "backend/tests/integration/test_auth_me_mcp_guard.py": [
      {
        "type": "Secret Keyword",
        "filename": "backend/tests/integration/test_auth_me_mcp_guard.py",
        "hashed_secret": "2ac74b6eca0a701406241eec0d48c2f38d5bdd4a",
        "is_verified": false
      },
      {
        "type": "Secret Keyword",
        "filename": "backend/tests/integration/test_auth_me_mcp_guard.py",
        "hashed_secret": "75feb10246685476047e4fc66e1117a4234f8927",
        "is_verified": false
      },
      {
        "type": "Secret Keyword",
        "filename": "backend/tests/integration/test_auth_me_mcp_guard.py",
        "hashed_secret": "cdbc37ad70e22fd7bc55134b2c700f2124e7ab3c",
        "is_verified": false
      },
      {
        "type": "Secret Keyword",
        "filename": "backend/tests/integration/test_auth_me_mcp_guard.py",
        "hashed_secret": "f6db7cd15318dc08ba07364547a31b169ee8f8f2",
        "is_verified": false
      }
    ],
    "backend/tests/integration/test_base_exception_containment.py": [
      {
        "type": "Secret Keyword",
        "filename": "backend/tests/integration/test_base_exception_containment.py",
        "hashed_secret": "1eb8d75795ab509859a90b8ec126dc6bb5144e76",
        "is_verified": false
      }
    ],
    "backend/tests/integration/test_emby_attribution_end_to_end.py": [
      {
        "type": "Secret Keyword",
        "filename": "backend/tests/integration/test_emby_attribution_end_to_end.py",
        "hashed_secret": "5c0d447b6925f2ada94b943136a30ba4000e32da",
        "is_verified": false
      }
    ],
    "backend/tests/integration/test_normalize_channel_create.py": [
      {
        "type": "Secret Keyword",
        "filename": "backend/tests/integration/test_normalize_channel_create.py",
        "hashed_secret": "789cbe0407840b1c2041cb33452ff60f19bf58cc",
        "is_verified": false
      }
    ],
    "backend/tests/routers/test_0i2vt_backup_artifact.py": [
      {
        "type": "Secret Keyword",
        "filename": "backend/tests/routers/test_0i2vt_backup_artifact.py",
        "hashed_secret": "241d4d0385eb10cb0d47882eae8e8389c769ee98",
        "is_verified": false
      },
      {
        "type": "Secret Keyword",
        "filename": "backend/tests/routers/test_0i2vt_backup_artifact.py",
        "hashed_secret": "84ba9817d27163f68c288142feab48bfdc4dde18",
        "is_verified": false
      },
      {
        "type": "Secret Keyword",
        "filename": "backend/tests/routers/test_0i2vt_backup_artifact.py",
        "hashed_secret": "9935ca3151f29e1ecbaab83da891631ddff3dfdb",
        "is_verified": false
      },
      {
        "type": "Secret Keyword",
        "filename": "backend/tests/routers/test_0i2vt_backup_artifact.py",
        "hashed_secret": "acf70e592fffb4437779eb70e6dbb4d2dc893591",
        "is_verified": false
      },
      {
        "type": "Secret Keyword",
        "filename": "backend/tests/routers/test_0i2vt_backup_artifact.py",
        "hashed_secret": "b7f3e87068dad14a6de1b2128872968febbfa15c",
        "is_verified": false
      },
      {
        "type": "Secret Keyword",
        "filename": "backend/tests/routers/test_0i2vt_backup_artifact.py",
        "hashed_secret": "b84035f225ea9ae29cecc0d749a44d4bb918f0a8",
        "is_verified": false
      },
      {
        "type": "Secret Keyword",
        "filename": "backend/tests/routers/test_0i2vt_backup_artifact.py",
        "hashed_secret": "c1fddee335c0d6cd32b68b1accc0b3c6ea6c2204",
        "is_verified": false
      }
    ],
    "backend/tests/routers/test_0wmeg_restore_dbas_saved.py": [
      {
        "type": "Secret Keyword",
        "filename": "backend/tests/routers/test_0wmeg_restore_dbas_saved.py",
        "hashed_secret": "5d68fb7f90e5aa3578db979f030120263c18821b",
        "is_verified": false
      },
      {
        "type": "Secret Keyword",
        "filename": "backend/tests/routers/test_0wmeg_restore_dbas_saved.py",
        "hashed_secret": "abf7aad6438836dbe526aa231abde2d0eef74d42",
        "is_verified": false
      }
    ],
    "backend/tests/routers/test_backup.py": [
      {
        "type": "Secret Keyword",
        "filename": "backend/tests/routers/test_backup.py",
        "hashed_secret": "02d2a3b33cfa9df832050fc1c35e894c17c61bac",
        "is_verified": false
      },
      {
        "type": "Secret Keyword",
        "filename": "backend/tests/routers/test_backup.py",
        "hashed_secret": "05a079a76f20f2bac98242cd67c10ce69e7ad555",
        "is_verified": false
      },
      {
        "type": "Secret Keyword",
        "filename": "backend/tests/routers/test_backup.py",
        "hashed_secret": "2e875b450012f24bebe0ce9121ee0d7010d397c3",
        "is_verified": false
      },
      {
        "type": "Secret Keyword",
        "filename": "backend/tests/routers/test_backup.py",
        "hashed_secret": "3dd58bab3fa75c42641464e35e1db18fcb333e34",
        "is_verified": false
      },
      {
        "type": "Secret Keyword",
        "filename": "backend/tests/routers/test_backup.py",
        "hashed_secret": "4117d7c99b58631fe7908a867d689e961837cda2",
        "is_verified": false
      },
      {
        "type": "Secret Keyword",
        "filename": "backend/tests/routers/test_backup.py",
        "hashed_secret": "45d10b9181cc8666ec6afe8a265154c72d03b00c",
        "is_verified": false
      },
      {
        "type": "Secret Keyword",
        "filename": "backend/tests/routers/test_backup.py",
        "hashed_secret": "48121969d1453f092acd97f5fb7ef1050814d7f8",
        "is_verified": false
      },
      {
        "type": "Secret Keyword",
        "filename": "backend/tests/routers/test_backup.py",
        "hashed_secret": "614dca0429e5a1db4af1778f67a4bcb40076e34b",
        "is_verified": false
      },
      {
        "type": "Secret Keyword",
        "filename": "backend/tests/routers/test_backup.py",
        "hashed_secret": "7cc270807ff0d8b0ef1cb98a82014e64f77a1f31",
        "is_verified": false
      },
      {
        "type": "Secret Keyword",
        "filename": "backend/tests/routers/test_backup.py",
        "hashed_secret": "825bde47530cc5e72d19decc5f8b69167e96bf6a",
        "is_verified": false
      },
      {
        "type": "Secret Keyword",
        "filename": "backend/tests/routers/test_backup.py",
        "hashed_secret": "89bb2a72067e8559b311877d30f9c366f4ab5f50",
        "is_verified": false
      },
      {
        "type": "Secret Keyword",
        "filename": "backend/tests/routers/test_backup.py",
        "hashed_secret": "989d2b7f9a6cdb719291e87cc229f9b1fb93c777",
        "is_verified": false
      },
      {
        "type": "Secret Keyword",
        "filename": "backend/tests/routers/test_backup.py",
        "hashed_secret": "9d4e1e23bd5b727046a9e3b4b7db57bd8d6ee684",
        "is_verified": false
      },
      {
        "type": "Secret Keyword",
        "filename": "backend/tests/routers/test_backup.py",
        "hashed_secret": "a761ce3a45d97e41840a788495e85a70d1bb3815",
        "is_verified": false
      },
      {
        "type": "Secret Keyword",
        "filename": "backend/tests/routers/test_backup.py",
        "hashed_secret": "a9d4ce762dc0c84a189a1b0011ce9dc36469ddc6",
        "is_verified": false
      },
      {
        "type": "Secret Keyword",
        "filename": "backend/tests/routers/test_backup.py",
        "hashed_secret": "aa69e345f6fd9f1f82881b2f9958fad1046ece79",
        "is_verified": false
      },
      {
        "type": "Secret Keyword",
        "filename": "backend/tests/routers/test_backup.py",
        "hashed_secret": "c0d9c456708adbd79c5e6da1b101b07ef431ba30",
        "is_verified": false
      },
      {
        "type": "Secret Keyword",
        "filename": "backend/tests/routers/test_backup.py",
        "hashed_secret": "cf09d85ba56d3282fb4940284df3edcd65ef04e1",
        "is_verified": false
      },
      {
        "type": "Secret Keyword",
        "filename": "backend/tests/routers/test_backup.py",
        "hashed_secret": "d76c0fad6fe3af53d0883d0f87fd6cbbc47f4f79",
        "is_verified": false
      },
      {
        "type": "Secret Keyword",
        "filename": "backend/tests/routers/test_backup.py",
        "hashed_secret": "e5e9fa1ba31ecd1ae84f75caaa474f3a663f05f4",
        "is_verified": false
      },
      {
        "type": "Secret Keyword",
        "filename": "backend/tests/routers/test_backup.py",
        "hashed_secret": "f212f4a227f276233dc1993b26a7f89d1f98df36",
        "is_verified": false
      }
    ],
    "backend/tests/routers/test_channel_pipeline.py": [
      {
        "type": "Secret Keyword",
        "filename": "backend/tests/routers/test_channel_pipeline.py",
        "hashed_secret": "3ffd765c51eeaa82d1b7964ecdf6e7409f33d187",
        "is_verified": false
      }
    ],
    "backend/tests/routers/test_dbas_passphrase_encryption.py": [
      {
        "type": "Secret Keyword",
        "filename": "backend/tests/routers/test_dbas_passphrase_encryption.py",
        "hashed_secret": "84ba9817d27163f68c288142feab48bfdc4dde18",
        "is_verified": false
      },
      {
        "type": "Secret Keyword",
        "filename": "backend/tests/routers/test_dbas_passphrase_encryption.py",
        "hashed_secret": "9935ca3151f29e1ecbaab83da891631ddff3dfdb",
        "is_verified": false
      },
      {
        "type": "Secret Keyword",
        "filename": "backend/tests/routers/test_dbas_passphrase_encryption.py",
        "hashed_secret": "aa6ab011ed7a921c84be72fe8d80f7d342944a12",
        "is_verified": false
      },
      {
        "type": "Secret Keyword",
        "filename": "backend/tests/routers/test_dbas_passphrase_encryption.py",
        "hashed_secret": "acf70e592fffb4437779eb70e6dbb4d2dc893591",
        "is_verified": false
      },
      {
        "type": "Secret Keyword",
        "filename": "backend/tests/routers/test_dbas_passphrase_encryption.py",
        "hashed_secret": "b84035f225ea9ae29cecc0d749a44d4bb918f0a8",
        "is_verified": false
      }
    ],
    "backend/tests/routers/test_emby_clear_logos.py": [
      {
        "type": "Secret Keyword",
        "filename": "backend/tests/routers/test_emby_clear_logos.py",
        "hashed_secret": "4612c636bb2be50a5c3298c8678a36ab54b280b5",
        "is_verified": false
      }
    ],
    "backend/tests/routers/test_emby_settings.py": [
      {
        "type": "Secret Keyword",
        "filename": "backend/tests/routers/test_emby_settings.py",
        "hashed_secret": "92dd4a2de441b63e6ac51fdb81a05a416dffd182",
        "is_verified": false
      },
      {
        "type": "Secret Keyword",
        "filename": "backend/tests/routers/test_emby_settings.py",
        "hashed_secret": "ab73a3eaca01a7059dcdff6f95556ec7fd83de96",
        "is_verified": false
      },
      {
        "type": "Secret Keyword",
        "filename": "backend/tests/routers/test_emby_settings.py",
        "hashed_secret": "b94d7a5f3cc82a395c0b2559994fb9533e897c23",
        "is_verified": false
      },
      {
        "type": "Secret Keyword",
        "filename": "backend/tests/routers/test_emby_settings.py",
        "hashed_secret": "cd9312981706454ab05147a6f8315fc371d0377f",
        "is_verified": false
      }
    ],
    "backend/tests/routers/test_epg.py": [
      {
        "type": "Secret Keyword",
        "filename": "backend/tests/routers/test_epg.py",
        "hashed_secret": "2b8d7f8030b56ab6245f365bc3d6345706de2713",
        "is_verified": false
      }
    ],
    "backend/tests/routers/test_event_sync_team_aliases.py": [
      {
        "type": "Secret Keyword",
        "filename": "backend/tests/routers/test_event_sync_team_aliases.py",
        "hashed_secret": "e5e9fa1ba31ecd1ae84f75caaa474f3a663f05f4",
        "is_verified": false
      }
    ],
    "backend/tests/routers/test_health.py": [
      {
        "type": "Secret Keyword",
        "filename": "backend/tests/routers/test_health.py",
        "hashed_secret": "73c490e19ca028021b1b1fb339478dd08c163375",
        "is_verified": false
      }
    ],
    "backend/tests/routers/test_jellyfin_settings.py": [
      {
        "type": "Secret Keyword",
        "filename": "backend/tests/routers/test_jellyfin_settings.py",
        "hashed_secret": "18de8e8747c829741cc7fd44c0f801a10a1d2b5b",
        "is_verified": false
      },
      {
        "type": "Secret Keyword",
        "filename": "backend/tests/routers/test_jellyfin_settings.py",
        "hashed_secret": "48854c46907b8f99e4c4c711f3fb7336a93bc290",
        "is_verified": false
      },
      {
        "type": "Secret Keyword",
        "filename": "backend/tests/routers/test_jellyfin_settings.py",
        "hashed_secret": "605ab94ad70e532c3b4c91c039edea9286d6c963",
        "is_verified": false
      },
      {
        "type": "Secret Keyword",
        "filename": "backend/tests/routers/test_jellyfin_settings.py",
        "hashed_secret": "83b1be43eeaff543574db1af8c84db875bd9f6f7",
        "is_verified": false
      }
    ],
    "backend/tests/routers/test_lsa0s_dvr_rules_remap.py": [
      {
        "type": "Secret Keyword",
        "filename": "backend/tests/routers/test_lsa0s_dvr_rules_remap.py",
        "hashed_secret": "11c31bcdb36cf14121c0474d5948e332c7286386",
        "is_verified": false
      }
    ],
    "backend/tests/routers/test_settings.py": [
      {
        "type": "Secret Keyword",
        "filename": "backend/tests/routers/test_settings.py",
        "hashed_secret": "0f098d8273b23e54198c5de3d262014d56fd6a03",
        "is_verified": false
      },
      {
        "type": "Secret Keyword",
        "filename": "backend/tests/routers/test_settings.py",
        "hashed_secret": "1ad22aaf7ba04576157e5efbb74cfa046033d7f2",
        "is_verified": false
      },
      {
        "type": "Secret Keyword",
        "filename": "backend/tests/routers/test_settings.py",
        "hashed_secret": "1ae0af3fe72b3ba394f9fa95a6cffc090d726c23",
        "is_verified": false
      },
      {
        "type": "Secret Keyword",
        "filename": "backend/tests/routers/test_settings.py",
        "hashed_secret": "1b42b311215ae40a93a5544e34a3dafcf269408f",
        "is_verified": false
      },
      {
        "type": "Secret Keyword",
        "filename": "backend/tests/routers/test_settings.py",
        "hashed_secret": "27b5e3820346ebdfb2c33d70eba828afaf720d50",
        "is_verified": false
      },
      {
        "type": "Secret Keyword",
        "filename": "backend/tests/routers/test_settings.py",
        "hashed_secret": "2c511ae83f9456808ba434ae88d386e4753bb4f0",
        "is_verified": false
      },
      {
        "type": "Secret Keyword",
        "filename": "backend/tests/routers/test_settings.py",
        "hashed_secret": "3bdabd1ce156e568c504534750cba6f5789c9bfd",
        "is_verified": false
      },
      {
        "type": "Secret Keyword",
        "filename": "backend/tests/routers/test_settings.py",
        "hashed_secret": "48854c46907b8f99e4c4c711f3fb7336a93bc290",
        "is_verified": false
      },
      {
        "type": "Secret Keyword",
        "filename": "backend/tests/routers/test_settings.py",
        "hashed_secret": "570611e2483ffb19369b9c281f96e1d807689f2e",
        "is_verified": false
      },
      {
        "type": "Secret Keyword",
        "filename": "backend/tests/routers/test_settings.py",
        "hashed_secret": "5788c16c0ba5389bd9d94c6e9107c2982a8ca822",
        "is_verified": false
      },
      {
        "type": "Secret Keyword",
        "filename": "backend/tests/routers/test_settings.py",
        "hashed_secret": "5ef3af6cd9b5aa907fa618fac829baaec6763b42",
        "is_verified": false
      },
      {
        "type": "Secret Keyword",
        "filename": "backend/tests/routers/test_settings.py",
        "hashed_secret": "6367c48dd193d56ea7b0baad25b19455e529f5ee",
        "is_verified": false
      },
      {
        "type": "Secret Keyword",
        "filename": "backend/tests/routers/test_settings.py",
        "hashed_secret": "666c100dab549a6f56da7da546bd848ed5086541",
        "is_verified": false
      },
      {
        "type": "Secret Keyword",
        "filename": "backend/tests/routers/test_settings.py",
        "hashed_secret": "6c6ac2e51498fcb1089a1c8eb3996ff029bdec2b",
        "is_verified": false
      },
      {
        "type": "Secret Keyword",
        "filename": "backend/tests/routers/test_settings.py",
        "hashed_secret": "720c73203a3d166c0afb8a47101a660dfc453db0",
        "is_verified": false
      },
      {
        "type": "Secret Keyword",
        "filename": "backend/tests/routers/test_settings.py",
        "hashed_secret": "748ae7095e6e8bf1b3b599a5547b8d6df0555ebc",
        "is_verified": false
      },
      {
        "type": "Secret Keyword",
        "filename": "backend/tests/routers/test_settings.py",
        "hashed_secret": "80ddcbaddc153d0ceea8e1d0e3e24f62bb626cfc",
        "is_verified": false
      },
      {
        "type": "Secret Keyword",
        "filename": "backend/tests/routers/test_settings.py",
        "hashed_secret": "9093a522b9c74938aed9216f8bd89d37eb89fada",
        "is_verified": false
      },
      {
        "type": "Secret Keyword",
        "filename": "backend/tests/routers/test_settings.py",
        "hashed_secret": "91c5afe2d76ae432403b075cf8de79c67c6be500",
        "is_verified": false
      },
      {
        "type": "Secret Keyword",
        "filename": "backend/tests/routers/test_settings.py",
        "hashed_secret": "9c7559e95aee6c81b1a5cde34e4de1c95865542b",
        "is_verified": false
      },
      {
        "type": "Secret Keyword",
        "filename": "backend/tests/routers/test_settings.py",
        "hashed_secret": "a2b005fff8fe1f7897243e62be6388dc2d3da6f7",
        "is_verified": false
      },
      {
        "type": "Secret Keyword",
        "filename": "backend/tests/routers/test_settings.py",
        "hashed_secret": "a4b48a81cdab1e1a5dd37907d6c85ca1c61ddc7c",
        "is_verified": false
      },
      {
        "type": "Secret Keyword",
        "filename": "backend/tests/routers/test_settings.py",
        "hashed_secret": "a8101fb0531a51832fa36965d25b248d6c98bfe5",
        "is_verified": false
      },
      {
        "type": "Secret Keyword",
        "filename": "backend/tests/routers/test_settings.py",
        "hashed_secret": "ab7a7a722a33a6703f74e6396b1c9485e0f3b24a",
        "is_verified": false
      },
      {
        "type": "Secret Keyword",
        "filename": "backend/tests/routers/test_settings.py",
        "hashed_secret": "e5e9fa1ba31ecd1ae84f75caaa474f3a663f05f4",
        "is_verified": false
      },
      {
        "type": "Secret Keyword",
        "filename": "backend/tests/routers/test_settings.py",
        "hashed_secret": "f86c3a7028bb637ceff4004811a447b502198188",
        "is_verified": false
      },
      {
        "type": "Secret Keyword",
        "filename": "backend/tests/routers/test_settings.py",
        "hashed_secret": "f8faaf896a7b7ebc2e3f57c7dd9c65442feab639",
        "is_verified": false
      },
      {
        "type": "Secret Keyword",
        "filename": "backend/tests/routers/test_settings.py",
        "hashed_secret": "f93640458964af294a485bc6d597694cf3308e1f",
        "is_verified": false
      }
    ],
    "backend/tests/routers/test_stats_attribution.py": [
      {
        "type": "Secret Keyword",
        "filename": "backend/tests/routers/test_stats_attribution.py",
        "hashed_secret": "125db5cc101969e3f1b9149faf9b2b87b68b792c",
        "is_verified": false
      },
      {
        "type": "Secret Keyword",
        "filename": "backend/tests/routers/test_stats_attribution.py",
        "hashed_secret": "4eaebc4e8508799d4e6d861b7202286f0d5759e4",
        "is_verified": false
      }
    ],
    "backend/tests/services/test_dedup_matcher_properties.py": [
      {
        "type": "Base64 High Entropy String",
        "filename": "backend/tests/services/test_dedup_matcher_properties.py",
        "hashed_secret": "f2a832e76ac8ff76a637bdf363c0178b2caaf91c",
        "is_verified": false
      }
    ],
    "backend/tests/services/test_emby_cache.py": [
      {
        "type": "Secret Keyword",
        "filename": "backend/tests/services/test_emby_cache.py",
        "hashed_secret": "11c31bcdb36cf14121c0474d5948e332c7286386",
        "is_verified": false
      }
    ],
    "backend/tests/services/test_emby_resolver.py": [
      {
        "type": "Secret Keyword",
        "filename": "backend/tests/services/test_emby_resolver.py",
        "hashed_secret": "11c31bcdb36cf14121c0474d5948e332c7286386",
        "is_verified": false
      }
    ],
    "backend/tests/services/test_epg_migration.py": [
      {
        "type": "Secret Keyword",
        "filename": "backend/tests/services/test_epg_migration.py",
        "hashed_secret": "2b8d7f8030b56ab6245f365bc3d6345706de2713",
        "is_verified": false
      },
      {
        "type": "Secret Keyword",
        "filename": "backend/tests/services/test_epg_migration.py",
        "hashed_secret": "f4cbfd23b14432ac406aacc683f2a6485e52f356",
        "is_verified": false
      }
    ],
    "backend/tests/services/test_jellyfin_cache.py": [
      {
        "type": "Secret Keyword",
        "filename": "backend/tests/services/test_jellyfin_cache.py",
        "hashed_secret": "56685852124e6e0efeeff635ea5c5ee71d2f1b08",
        "is_verified": false
      }
    ],
    "backend/tests/services/test_jellyfin_resolver.py": [
      {
        "type": "Secret Keyword",
        "filename": "backend/tests/services/test_jellyfin_resolver.py",
        "hashed_secret": "56685852124e6e0efeeff635ea5c5ee71d2f1b08",
        "is_verified": false
      }
    ],
    "backend/tests/tasks/test_dbas_backup_upload.py": [
      {
        "type": "AWS Access Key",
        "filename": "backend/tests/tasks/test_dbas_backup_upload.py",
        "hashed_secret": "25910f981e85ca04baf359199dd0bd4a3ae738b6",
        "is_verified": false
      },
      {
        "type": "Secret Keyword",
        "filename": "backend/tests/tasks/test_dbas_backup_upload.py",
        "hashed_secret": "25910f981e85ca04baf359199dd0bd4a3ae738b6",
        "is_verified": false
      }
    ],
    "backend/tests/tasks/test_dbas_sync_client.py": [
      {
        "type": "Secret Keyword",
        "filename": "backend/tests/tasks/test_dbas_sync_client.py",
        "hashed_secret": "18b0420518e0e173a30340895c8effd1848961f3",
        "is_verified": false
      },
      {
        "type": "Secret Keyword",
        "filename": "backend/tests/tasks/test_dbas_sync_client.py",
        "hashed_secret": "6aac09e012e7efc3085469e46607b357281e888e",
        "is_verified": false
      },
      {
        "type": "Secret Keyword",
        "filename": "backend/tests/tasks/test_dbas_sync_client.py",
        "hashed_secret": "77ed80fccd62d4eeac2eb9a079b41b3d280e5b76",
        "is_verified": false
      }
    ],
    "backend/tests/tasks/test_dbas_sync_engine.py": [
      {
        "type": "Secret Keyword",
        "filename": "backend/tests/tasks/test_dbas_sync_engine.py",
        "hashed_secret": "5bddd4822edaef0d611cd49ae5a34f2688533a45",
        "is_verified": false
      },
      {
        "type": "Secret Keyword",
        "filename": "backend/tests/tasks/test_dbas_sync_engine.py",
        "hashed_secret": "6ff0e0f63ed3d6c72a1464ec1b072f0c94d1e91c",
        "is_verified": false
      }
    ],
    "backend/tests/test_cloud_storage.py": [
      {
        "type": "Secret Keyword",
        "filename": "backend/tests/test_cloud_storage.py",
        "hashed_secret": "0e9be79b4af346793c66b421b78f20fbdb11848b",
        "is_verified": false
      },
      {
        "type": "Private Key",
        "filename": "backend/tests/test_cloud_storage.py",
        "hashed_secret": "1348b145fa1a555461c1b790a2f66614781091e9",
        "is_verified": false
      },
      {
        "type": "AWS Access Key",
        "filename": "backend/tests/test_cloud_storage.py",
        "hashed_secret": "25910f981e85ca04baf359199dd0bd4a3ae738b6",
        "is_verified": false
      },
      {
        "type": "Secret Keyword",
        "filename": "backend/tests/test_cloud_storage.py",
        "hashed_secret": "3c3b274d119ff5a5ec6c1e215c1cb794d9973ac1",
        "is_verified": false
      },
      {
        "type": "Secret Keyword",
        "filename": "backend/tests/test_cloud_storage.py",
        "hashed_secret": "9d02c12a2686ee5188a31ba56cfc970734a4bee6",
        "is_verified": false
      },
      {
        "type": "Secret Keyword",
        "filename": "backend/tests/test_cloud_storage.py",
        "hashed_secret": "a761ce3a45d97e41840a788495e85a70d1bb3815",
        "is_verified": false
      },
      {
        "type": "Secret Keyword",
        "filename": "backend/tests/test_cloud_storage.py",
        "hashed_secret": "c39e423b986b0efa85ae1c4754c9b292cc22d023",
        "is_verified": false
      }
    ],
    "backend/tests/test_cloud_targets_integration.py": [
      {
        "type": "Secret Keyword",
        "filename": "backend/tests/test_cloud_targets_integration.py",
        "hashed_secret": "9755b2dfc85d4d81be52fdd55fb3e93093f4911d",
        "is_verified": false
      }
    ],
    "backend/tests/test_cloud_upload_security.py": [
      {
        "type": "Hex High Entropy String",
        "filename": "backend/tests/test_cloud_upload_security.py",
        "hashed_secret": "01ff90c53677e605bd9d2db83b4abdc253969882",
        "is_verified": false
      },
      {
        "type": "AWS Access Key",
        "filename": "backend/tests/test_cloud_upload_security.py",
        "hashed_secret": "25910f981e85ca04baf359199dd0bd4a3ae738b6",
        "is_verified": false
      },
      {
        "type": "Secret Keyword",
        "filename": "backend/tests/test_cloud_upload_security.py",
        "hashed_secret": "64fdeb6d172b6e676e6511a4cc6d8d9ba6541f4f",
        "is_verified": false
      },
      {
        "type": "Base64 High Entropy String",
        "filename": "backend/tests/test_cloud_upload_security.py",
        "hashed_secret": "a5b6d49f0a8d20e964003ddf111d4ed21589c9c4",
        "is_verified": false
      }
    ],
    "backend/tests/unit/test_bandwidth_tracker_attribution.py": [
      {
        "type": "Secret Keyword",
        "filename": "backend/tests/unit/test_bandwidth_tracker_attribution.py",
        "hashed_secret": "125db5cc101969e3f1b9149faf9b2b87b68b792c",
        "is_verified": false
      },
      {
        "type": "Secret Keyword",
        "filename": "backend/tests/unit/test_bandwidth_tracker_attribution.py",
        "hashed_secret": "4eaebc4e8508799d4e6d861b7202286f0d5759e4",
        "is_verified": false
      }
    ],
    "backend/tests/unit/test_bandwidth_tracker_emby.py": [
      {
        "type": "Secret Keyword",
        "filename": "backend/tests/unit/test_bandwidth_tracker_emby.py",
        "hashed_secret": "7502dfca8d9e25174e079cee6bd36aa1312bc2c1",
        "is_verified": false
      }
    ],
    "backend/tests/unit/test_bandwidth_tracker_multi_source.py": [
      {
        "type": "Secret Keyword",
        "filename": "backend/tests/unit/test_bandwidth_tracker_multi_source.py",
        "hashed_secret": "125db5cc101969e3f1b9149faf9b2b87b68b792c",
        "is_verified": false
      },
      {
        "type": "Secret Keyword",
        "filename": "backend/tests/unit/test_bandwidth_tracker_multi_source.py",
        "hashed_secret": "4eaebc4e8508799d4e6d861b7202286f0d5759e4",
        "is_verified": false
      }
    ],
    "backend/tests/unit/test_config_allow_multi_provider_auto_sync_default.py": [
      {
        "type": "Secret Keyword",
        "filename": "backend/tests/unit/test_config_allow_multi_provider_auto_sync_default.py",
        "hashed_secret": "e5e9fa1ba31ecd1ae84f75caaa474f3a663f05f4",
        "is_verified": false
      }
    ],
    "backend/tests/unit/test_config_dedup_settings.py": [
      {
        "type": "Secret Keyword",
        "filename": "backend/tests/unit/test_config_dedup_settings.py",
        "hashed_secret": "1ae0af3fe72b3ba394f9fa95a6cffc090d726c23",
        "is_verified": false
      }
    ],
    "backend/tests/unit/test_config_dispatcharr_api_key_migration.py": [
      {
        "type": "Secret Keyword",
        "filename": "backend/tests/unit/test_config_dispatcharr_api_key_migration.py",
        "hashed_secret": "2186576d5f4d2407f9f57a67a02cc8680948bce2",
        "is_verified": false
      },
      {
        "type": "Secret Keyword",
        "filename": "backend/tests/unit/test_config_dispatcharr_api_key_migration.py",
        "hashed_secret": "2c511ae83f9456808ba434ae88d386e4753bb4f0",
        "is_verified": false
      },
      {
        "type": "Secret Keyword",
        "filename": "backend/tests/unit/test_config_dispatcharr_api_key_migration.py",
        "hashed_secret": "551e6dddad66d334d8650b2c2395712576e315bd",
        "is_verified": false
      },
      {
        "type": "Secret Keyword",
        "filename": "backend/tests/unit/test_config_dispatcharr_api_key_migration.py",
        "hashed_secret": "6ebd169775ab4fabf5cf8bf1acbfd68a9fcb6e4b",
        "is_verified": false
      },
      {
        "type": "Secret Keyword",
        "filename": "backend/tests/unit/test_config_dispatcharr_api_key_migration.py",
        "hashed_secret": "6f9745a0fcfbeac02cdc59d32507bbebd6d8fb2c",
        "is_verified": false
      },
      {
        "type": "Secret Keyword",
        "filename": "backend/tests/unit/test_config_dispatcharr_api_key_migration.py",
        "hashed_secret": "9093a522b9c74938aed9216f8bd89d37eb89fada",
        "is_verified": false
      },
      {
        "type": "Secret Keyword",
        "filename": "backend/tests/unit/test_config_dispatcharr_api_key_migration.py",
        "hashed_secret": "c899d61d7fc54cf3db31ea963c29a5f2a710cc8b",
        "is_verified": false
      },
      {
        "type": "Secret Keyword",
        "filename": "backend/tests/unit/test_config_dispatcharr_api_key_migration.py",
        "hashed_secret": "e5e9fa1ba31ecd1ae84f75caaa474f3a663f05f4",
        "is_verified": false
      },
      {
        "type": "Secret Keyword",
        "filename": "backend/tests/unit/test_config_dispatcharr_api_key_migration.py",
        "hashed_secret": "eee6670bca182eebe997ded8489b06e32adc2e0d",
        "is_verified": false
      },
      {
        "type": "Secret Keyword",
        "filename": "backend/tests/unit/test_config_dispatcharr_api_key_migration.py",
        "hashed_secret": "fa3f8556220674269a6130b0eedd21dec9c033fb",
        "is_verified": false
      }
    ],
    "backend/tests/unit/test_credential_sentinel.py": [
      {
        "type": "Secret Keyword",
        "filename": "backend/tests/unit/test_credential_sentinel.py",
        "hashed_secret": "f3bbbd66a63d4bf1747940578ec3d0103530e21d",
        "is_verified": false
      }
    ],
    "backend/tests/unit/test_dispatcharr_client_auth.py": [
      {
        "type": "Secret Keyword",
        "filename": "backend/tests/unit/test_dispatcharr_client_auth.py",
        "hashed_secret": "29d7f1db7f12c0f88f3bb71723f0ab57e0fc24de",
        "is_verified": false
      },
      {
        "type": "Secret Keyword",
        "filename": "backend/tests/unit/test_dispatcharr_client_auth.py",
        "hashed_secret": "3becc81506e4566b119f7bae88a07b444008a770",
        "is_verified": false
      },
      {
        "type": "Secret Keyword",
        "filename": "backend/tests/unit/test_dispatcharr_client_auth.py",
        "hashed_secret": "3f7db446b5acc88983811f7324bd25a14b795abe",
        "is_verified": false
      },
      {
        "type": "Secret Keyword",
        "filename": "backend/tests/unit/test_dispatcharr_client_auth.py",
        "hashed_secret": "48854c46907b8f99e4c4c711f3fb7336a93bc290",
        "is_verified": false
      },
      {
        "type": "Secret Keyword",
        "filename": "backend/tests/unit/test_dispatcharr_client_auth.py",
        "hashed_secret": "586840a3ea169359ddd13f51197ac52acd9874f1",
        "is_verified": false
      },
      {
        "type": "Secret Keyword",
        "filename": "backend/tests/unit/test_dispatcharr_client_auth.py",
        "hashed_secret": "798e64555694f4c8612bb72380ac83255f4a00ae",
        "is_verified": false
      },
      {
        "type": "Secret Keyword",
        "filename": "backend/tests/unit/test_dispatcharr_client_auth.py",
        "hashed_secret": "9762e53f3b6420f10041406e88c337725670824b",
        "is_verified": false
      },
      {
        "type": "Secret Keyword",
        "filename": "backend/tests/unit/test_dispatcharr_client_auth.py",
        "hashed_secret": "e5e9fa1ba31ecd1ae84f75caaa474f3a663f05f4",
        "is_verified": false
      }
    ],
    "backend/tests/unit/test_dispatcharr_client_group_filter.py": [
      {
        "type": "Secret Keyword",
        "filename": "backend/tests/unit/test_dispatcharr_client_group_filter.py",
        "hashed_secret": "e5e9fa1ba31ecd1ae84f75caaa474f3a663f05f4",
        "is_verified": false
      }
    ],
    "backend/tests/unit/test_dispatcharr_client_group_settings_collapse.py": [
      {
        "type": "Secret Keyword",
        "filename": "backend/tests/unit/test_dispatcharr_client_group_settings_collapse.py",
        "hashed_secret": "e5e9fa1ba31ecd1ae84f75caaa474f3a663f05f4",
        "is_verified": false
      }
    ],
    "backend/tests/unit/test_dispatcharr_client_settings_agents.py": [
      {
        "type": "Secret Keyword",
        "filename": "backend/tests/unit/test_dispatcharr_client_settings_agents.py",
        "hashed_secret": "11c31bcdb36cf14121c0474d5948e332c7286386",
        "is_verified": false
      },
      {
        "type": "Secret Keyword",
        "filename": "backend/tests/unit/test_dispatcharr_client_settings_agents.py",
        "hashed_secret": "848c9c238cdbbeb075710c7bd83290ce18fcc7d0",
        "is_verified": false
      }
    ],
    "backend/tests/unit/test_dispatcharr_client_stream_crud.py": [
      {
        "type": "Secret Keyword",
        "filename": "backend/tests/unit/test_dispatcharr_client_stream_crud.py",
        "hashed_secret": "e5e9fa1ba31ecd1ae84f75caaa474f3a663f05f4",
        "is_verified": false
      }
    ],
    "backend/tests/unit/test_dispatcharr_client_user_crud.py": [
      {
        "type": "Secret Keyword",
        "filename": "backend/tests/unit/test_dispatcharr_client_user_crud.py",
        "hashed_secret": "11c31bcdb36cf14121c0474d5948e332c7286386",
        "is_verified": false
      },
      {
        "type": "Secret Keyword",
        "filename": "backend/tests/unit/test_dispatcharr_client_user_crud.py",
        "hashed_secret": "267d178653031cf0be407c440f6d49a73b8be97b",
        "is_verified": false
      },
      {
        "type": "Secret Keyword",
        "filename": "backend/tests/unit/test_dispatcharr_client_user_crud.py",
        "hashed_secret": "6e227c28bf7cf574822d86291e97a31e222a0b3f",
        "is_verified": false
      }
    ],
    "backend/tests/unit/test_dispatcharr_version_advisory.py": [
      {
        "type": "Secret Keyword",
        "filename": "backend/tests/unit/test_dispatcharr_version_advisory.py",
        "hashed_secret": "11c31bcdb36cf14121c0474d5948e332c7286386",
        "is_verified": false
      },
      {
        "type": "Secret Keyword",
        "filename": "backend/tests/unit/test_dispatcharr_version_advisory.py",
        "hashed_secret": "e5e9fa1ba31ecd1ae84f75caaa474f3a663f05f4",
        "is_verified": false
      }
    ],
    "backend/tests/unit/test_jellyfin_client.py": [
      {
        "type": "Hex High Entropy String",
        "filename": "backend/tests/unit/test_jellyfin_client.py",
        "hashed_secret": "9a2e9b34d727795f982c2981aeb7884770325a54",
        "is_verified": false
      }
    ],
    "backend/tests/unit/test_obfuscate.py": [
      {
        "type": "Basic Auth Credentials",
        "filename": "backend/tests/unit/test_obfuscate.py",
        "hashed_secret": "9d4e1e23bd5b727046a9e3b4b7db57bd8d6ee684",
        "is_verified": false
      }
    ],
    "backend/tests/unit/test_observability.py": [
      {
        "type": "Hex High Entropy String",
        "filename": "backend/tests/unit/test_observability.py",
        "hashed_secret": "348f203065eb18919a6c1263419261fdcc5acfec",
        "is_verified": false
      }
    ],
    "backend/tests/unit/test_password_security.py": [
      {
        "type": "Secret Keyword",
        "filename": "backend/tests/unit/test_password_security.py",
        "hashed_secret": "bfda80b8d9a877738c92530d9cc5f805892a0a9f",
        "is_verified": false
      }
    ],
    "backend/tests/unit/test_task_engine_param_redaction.py": [
      {
        "type": "Secret Keyword",
        "filename": "backend/tests/unit/test_task_engine_param_redaction.py",
        "hashed_secret": "e38caa9d4742d1c56643423e9565d9ad0b21de3d",
        "is_verified": false
      }
    ],
    "backend/tests/unit/test_tls.py": [
      {
        "type": "Secret Keyword",
        "filename": "backend/tests/unit/test_tls.py",
        "hashed_secret": "e5e9fa1ba31ecd1ae84f75caaa474f3a663f05f4",
        "is_verified": false
      }
    ],
    "docs/api.md": [
      {
        "type": "Base64 High Entropy String",
        "filename": "docs/api.md",
        "hashed_secret": "18e0aff638af85e6849b26293bcfbe543ab7ef50",
        "is_verified": false
      }
    ],
    "docs/security/threat_model_dbas_import.md": [
      {
        "type": "Secret Keyword",
        "filename": "docs/security/threat_model_dbas_import.md",
        "hashed_secret": "f7f26f972015dfff4d6f94f9ea8b3dbcb9d2b37c",
        "is_verified": false
      }
    ],
    "docs/user_guide/troubleshooting/gather-support-information.md": [
      {
        "type": "Hex High Entropy String",
        "filename": "docs/user_guide/troubleshooting/gather-support-information.md",
        "hashed_secret": "1f327c4922e607d9cbd4edc5545dbfdbceff1e91",
        "is_verified": false
      }
    ],
    "docs/validation/evidence/a0ekz-layout-settling-runs.json": [
      {
        "type": "Hex High Entropy String",
        "filename": "docs/validation/evidence/a0ekz-layout-settling-runs.json",
        "hashed_secret": "75328aa445d716cebd0ec9af5541f6055133aee7",
        "is_verified": false
      }
    ],
    "frontend/src/components/GuideMigrationModal.test.tsx": [
      {
        "type": "Hex High Entropy String",
        "filename": "frontend/src/components/GuideMigrationModal.test.tsx",
        "hashed_secret": "b1775a785f09a6ebaf2dc33d6eaeb98974d9cdb8",
        "is_verified": false
      }
    ],
    "frontend/src/components/RestoreCompleteSummary.tsx": [
      {
        "type": "Secret Keyword",
        "filename": "frontend/src/components/RestoreCompleteSummary.tsx",
        "hashed_secret": "cdd5ec32610cc73149003eb44c0be5660ba3dae0",
        "is_verified": false
      }
    ],
    "frontend/src/components/settings/EmbyIntegrationSection.test.tsx": [
      {
        "type": "Secret Keyword",
        "filename": "frontend/src/components/settings/EmbyIntegrationSection.test.tsx",
        "hashed_secret": "ade51e90bf457e1c90ab0197111c58abdb451a14",
        "is_verified": false
      }
    ],
    "frontend/src/components/settings/JellyfinIntegrationSection.test.tsx": [
      {
        "type": "Secret Keyword",
        "filename": "frontend/src/components/settings/JellyfinIntegrationSection.test.tsx",
        "hashed_secret": "fc905903c4b45d9323e86c8a03112db93a7129fd",
        "is_verified": false
      }
    ],
    "frontend/src/components/settings/MCPSettingsSection.test.tsx": [
      {
        "type": "Secret Keyword",
        "filename": "frontend/src/components/settings/MCPSettingsSection.test.tsx",
        "hashed_secret": "7a85f4764bbd6daf1c3545efbbf0f279a6dc0beb",
        "is_verified": false
      },
      {
        "type": "Secret Keyword",
        "filename": "frontend/src/components/settings/MCPSettingsSection.test.tsx",
        "hashed_secret": "df934e53066e82c65ecc318d8cd6e0ae4949b6e9",
        "is_verified": false
      },
      {
        "type": "Secret Keyword",
        "filename": "frontend/src/components/settings/MCPSettingsSection.test.tsx",
        "hashed_secret": "fffc141f61e16daa6b77c3edfb49e6f21008af7b",
        "is_verified": false
      }
    ],
    "frontend/src/components/settings/MCPSettingsSection.tsx": [
      {
        "type": "Secret Keyword",
        "filename": "frontend/src/components/settings/MCPSettingsSection.tsx",
        "hashed_secret": "7a85f4764bbd6daf1c3545efbbf0f279a6dc0beb",
        "is_verified": false
      }
    ],
    "frontend/src/components/settings/NormalizationEngineSection.applyToChannels.test.tsx": [
      {
        "type": "Hex High Entropy String",
        "filename": "frontend/src/components/settings/NormalizationEngineSection.applyToChannels.test.tsx",
        "hashed_secret": "90bd1b48e958257948487b90bee080ba5ed00caa",
        "is_verified": false
      }
    ],
    "frontend/src/components/settings/SyncTargetsCard.test.tsx": [
      {
        "type": "Secret Keyword",
        "filename": "frontend/src/components/settings/SyncTargetsCard.test.tsx",
        "hashed_secret": "e5e9fa1ba31ecd1ae84f75caaa474f3a663f05f4",
        "is_verified": false
      }
    ],
    "frontend/src/devHarness/apiStub.ts": [
      {
        "type": "Hex High Entropy String",
        "filename": "frontend/src/devHarness/apiStub.ts",
        "hashed_secret": "9f5c0e52760eede294e4eb78c3f1c888a8c2af01",
        "is_verified": false
      }
    ],
    "frontend/src/devHarness/stubData.ts": [
      {
        "type": "Secret Keyword",
        "filename": "frontend/src/devHarness/stubData.ts",
        "hashed_secret": "f3bbbd66a63d4bf1747940578ec3d0103530e21d",
        "is_verified": false
      }
    ],
    "frontend/src/services/api.test.ts": [
      {
        "type": "Secret Keyword",
        "filename": "frontend/src/services/api.test.ts",
        "hashed_secret": "13f4b664633e8b527446a818e1f2ca46bffc0fab",
        "is_verified": false
      },
      {
        "type": "Secret Keyword",
        "filename": "frontend/src/services/api.test.ts",
        "hashed_secret": "55e4a2f50e947813be4076cb18060e07e096e30d",
        "is_verified": false
      }
    ],
    "mcp-server/tests/test_0wmeg_dbas_backup.py": [
      {
        "type": "Secret Keyword",
        "filename": "mcp-server/tests/test_0wmeg_dbas_backup.py",
        "hashed_secret": "5d68fb7f90e5aa3578db979f030120263c18821b",
        "is_verified": false
      }
    ],
    "mcp-server/tests/test_dual_path_routing.py": [
      {
        "type": "Secret Keyword",
        "filename": "mcp-server/tests/test_dual_path_routing.py",
        "hashed_secret": "f402a5bb106fb468add33aceef47284f8206a6c9",
        "is_verified": false
      }
    ],
    "mcp-server/tests/test_jcj0f_cloud_sync_targets.py": [
      {
        "type": "Secret Keyword",
        "filename": "mcp-server/tests/test_jcj0f_cloud_sync_targets.py",
        "hashed_secret": "2b4a208a80d7dafd58559a3cc78ffd318f6cc1b7",
        "is_verified": false
      },
      {
        "type": "Secret Keyword",
        "filename": "mcp-server/tests/test_jcj0f_cloud_sync_targets.py",
        "hashed_secret": "a761ce3a45d97e41840a788495e85a70d1bb3815",
        "is_verified": false
      }
    ],
    "mcp-server/tests/test_server.py": [
      {
        "type": "Secret Keyword",
        "filename": "mcp-server/tests/test_server.py",
        "hashed_secret": "7a85f4764bbd6daf1c3545efbbf0f279a6dc0beb",
        "is_verified": false
      },
      {
        "type": "Base64 High Entropy String",
        "filename": "mcp-server/tests/test_server.py",
        "hashed_secret": "ca7647809e98c87f760f419d8261d64b07f54b24",
        "is_verified": false
      },
      {
        "type": "Secret Keyword",
        "filename": "mcp-server/tests/test_server.py",
        "hashed_secret": "df934e53066e82c65ecc318d8cd6e0ae4949b6e9",
        "is_verified": false
      },
      {
        "type": "Secret Keyword",
        "filename": "mcp-server/tests/test_server.py",
        "hashed_secret": "fffc141f61e16daa6b77c3edfb49e6f21008af7b",
        "is_verified": false
      }
    ],
    "mcp-server/tests/test_yd6qh_param_drift.py": [
      {
        "type": "Secret Keyword",
        "filename": "mcp-server/tests/test_yd6qh_param_drift.py",
        "hashed_secret": "e5e9fa1ba31ecd1ae84f75caaa474f3a663f05f4",
        "is_verified": false
      },
      {
        "type": "Secret Keyword",
        "filename": "mcp-server/tests/test_yd6qh_param_drift.py",
        "hashed_secret": "f3bbbd66a63d4bf1747940578ec3d0103530e21d",
        "is_verified": false
      }
    ],
    "scripts/check_pii.py": [
      {
        "type": "Hex High Entropy String",
        "filename": "scripts/check_pii.py",
        "hashed_secret": "31a0a68050e8630d0a12826c1209f28f622c64f4",
        "is_verified": false
      },
      {
        "type": "Hex High Entropy String",
        "filename": "scripts/check_pii.py",
        "hashed_secret": "84da1bf039764dab1c8d0c2c8219af923af8e071",
        "is_verified": false
      },
      {
        "type": "Hex High Entropy String",
        "filename": "scripts/check_pii.py",
        "hashed_secret": "98462ec5a3c3c78db216269d2ddff7f248d827c4",
        "is_verified": false
      },
      {
        "type": "Hex High Entropy String",
        "filename": "scripts/check_pii.py",
        "hashed_secret": "9c15c1d9339665c189a97b3cdfedfe07d6bc3f1b",
        "is_verified": false
      },
      {
        "type": "Hex High Entropy String",
        "filename": "scripts/check_pii.py",
        "hashed_secret": "9d3ba633b28a0f888acbf0a8462fe13510ccfd75",
        "is_verified": false
      },
      {
        "type": "Hex High Entropy String",
        "filename": "scripts/check_pii.py",
        "hashed_secret": "db5b999c9d14b8a7bd4b37611f8eebb73916b3ce",
        "is_verified": false
      }
    ],
    "tests/dbas-test-env/seed/edge_supplement.py": [
      {
        "type": "Secret Keyword",
        "filename": "tests/dbas-test-env/seed/edge_supplement.py",
        "hashed_secret": "78e3be9c50863ac9ff7ad26b87aff7b31f008909",
        "is_verified": false
      }
    ]
  }
}
